gcc -g p5original.c
 ./a.out
enter the numbers
5
square root of 5.000000 is 2.236068
 gdb a.out
GNU gdb (Ubuntu 8.1.1-0ubuntu1) 8.1.1
Copyright (C) 2018 Free Software Foundation, Inc.
License GPLv3+: GNU GPL version 3 or later <http://gnu.org/licenses/gpl.html>
This is free software: you are free to change and redistribute it.
There is NO WARRANTY, to the extent permitted by law.  Type "show copying"
and "show warranty" for details.
This GDB was configured as "x86_64-linux-gnu".
Type "show configuration" for configuration details.
For bug reporting instructions, please see:
<http://www.gnu.org/software/gdb/bugs/>.
Find the GDB manual and other documentation resources online at:
<http://www.gnu.org/software/gdb/documentation/>.
For help, type "help".
Type "apropos word" to search for commands related to "word"...
Reading symbols from a.out...done.
(gdb) b main
Breakpoint 1 at 0x86a: file p5original.c, line 28.
(gdb) r
Starting program: /home/runner/pps-IA1-practice-1/a.out 
warning: Error disabling address space randomization: Operation not permitted

Breakpoint 1, main () at p5original.c:28
28    n=input();
(gdb) s
input () at p5original.c:3
3   {
(gdb) n
4     printf("enter the numbers\n");
(gdb) n
enter the numbers
6     scanf("%f",&k);
(gdb) n
5
7     return k;
(gdb) n
8   }
(gdb) n
main () at p5original.c:29
29    sqrt=my_sqrt(n);
(gdb) s
my_sqrt (f=5) at p5original.c:12
12    float a=f/2;
(gdb) n
 
 gcc -g p5original.c
 ./a.out
enter the numbers
8
square root of 8.000000 is 2.828427
 gdb a.out
GNU gdb (Ubuntu 8.1.1-0ubuntu1) 8.1.1
Copyright (C) 2018 Free Software Foundation, Inc.
License GPLv3+: GNU GPL version 3 or later <http://gnu.org/licenses/gpl.html>
This is free software: you are free to change and redistribute it.
There is NO WARRANTY, to the extent permitted by law.  Type "show copying"
and "show warranty" for details.
This GDB was configured as "x86_64-linux-gnu".
Type "show configuration" for configuration details.
For bug reporting instructions, please see:
<http://www.gnu.org/software/gdb/bugs/>.
Find the GDB manual and other documentation resources online at:
<http://www.gnu.org/software/gdb/documentation/>.
For help, type "help".
Type "apropos word" to search for commands related to "word"...
Reading symbols from a.out...done.
(gdb) b main
Breakpoint 1 at 0x86a: file p5original.c, line 28.
(gdb) r
Starting program: /home/runner/pps-IA1-practice-1/a.out 
warning: Error disabling address space randomization: Operation not permitted

Breakpoint 1, main () at p5original.c:28
28    n=input();
(gdb) s
input () at p5original.c:3
3   {
(gdb) n
4     printf("enter the numbers\n");
(gdb) n
enter the numbers
6     scanf("%f",&k);
(gdb) n
8
7     return k;
(gdb) n
8   }
(gdb) n
main () at p5original.c:29
29    sqrt=my_sqrt(n);
(gdb) n
30    output(n,sqrt);
(gdb) n
square root of 8.000000 is 2.828427
31    return 0;
(gdb) n
32  }
(gdb) q
A debugging session is active.

    Inferior 1 [process 98] will be killed.

Quit anyway? (y or n) y
 